// Vitest Snapshot v1, https://vitest.dev/guide/snapshot.html

exports[`getSvgForGrid > returns an svg document for the supplied grid 1`] = `
"<svg
  xmlns="http://www.w3.org/2000/svg"
  overflow="visible"
  viewBox="0 0 110 110"
  width="110px"
  height="110px"
>
  <path stroke="black" fill="transparent" d="M 0 0 C 0 0 32.93531070818844 -7.003774504353478 32.93531070818844 -7.003774504353478 C 32.93531070818844 -7.003774504353478 30.731112487204886 13.945938005902146 30.731112487204886 13.945938005902146 C 30.731112487204886 13.945938005902146 -6.211679114533506 18.120956058294 -6.211679114533506 18.120956058294 C -6.211679114533506 18.120956058294 0 0 0 0 Z" />
  <path stroke="black" fill="transparent" d="M 32.93531070818844 -7.003774504353478 C 32.93531070818844 -7.003774504353478 67.06468929181153 -7.003774504353482 67.06468929181153 -7.003774504353482 C 67.06468929181153 -7.003774504353482 69.26888751279508 13.945938005902148 69.26888751279508 13.945938005902148 C 69.26888751279508 13.945938005902148 30.731112487204886 13.945938005902146 30.731112487204886 13.945938005902146 C 30.731112487204886 13.945938005902146 32.93531070818844 -7.003774504353478 32.93531070818844 -7.003774504353478 Z" />
  <path stroke="black" fill="transparent" d="M 67.06468929181153 -7.003774504353482 C 67.06468929181153 -7.003774504353482 100 0 100 0 C 100 0 106.21167911453352 18.120956058294 106.21167911453352 18.120956058294 C 106.21167911453352 18.120956058294 69.26888751279508 13.945938005902148 69.26888751279508 13.945938005902148 C 69.26888751279508 13.945938005902148 67.06468929181153 -7.003774504353482 67.06468929181153 -7.003774504353482 Z" />
  <path stroke="black" fill="transparent" d="M -6.211679114533506 18.120956058294 C -6.211679114533506 18.120956058294 30.731112487204886 13.945938005902146 30.731112487204886 13.945938005902146 C 30.731112487204886 13.945938005902146 30.210248756531833 38.00448538835119 30.210248756531833 38.00448538835119 C 30.210248756531833 38.00448538835119 -7.373354758135497 39.350746988781424 -7.373354758135497 39.350746988781424 C -7.373354758135497 39.350746988781424 -6.211679114533506 18.120956058294 -6.211679114533506 18.120956058294 Z" />
  <path stroke="black" fill="transparent" d="M 30.731112487204886 13.945938005902146 C 30.731112487204886 13.945938005902146 69.26888751279508 13.945938005902148 69.26888751279508 13.945938005902148 C 69.26888751279508 13.945938005902148 69.78975124346813 38.00448538835117 69.78975124346813 38.00448538835117 C 69.78975124346813 38.00448538835117 30.210248756531833 38.00448538835119 30.210248756531833 38.00448538835119 C 30.210248756531833 38.00448538835119 30.731112487204886 13.945938005902146 30.731112487204886 13.945938005902146 Z" />
  <path stroke="black" fill="transparent" d="M 69.26888751279508 13.945938005902148 C 69.26888751279508 13.945938005902148 106.21167911453352 18.120956058294 106.21167911453352 18.120956058294 C 106.21167911453352 18.120956058294 107.37335475813549 39.350746988781424 107.37335475813549 39.350746988781424 C 107.37335475813549 39.350746988781424 69.78975124346813 38.00448538835117 69.78975124346813 38.00448538835117 C 69.78975124346813 38.00448538835117 69.26888751279508 13.945938005902148 69.26888751279508 13.945938005902148 Z" />
  <path stroke="black" fill="transparent" d="M -7.373354758135497 39.350746988781424 C -7.373354758135497 39.350746988781424 30.210248756531833 38.00448538835119 30.210248756531833 38.00448538835119 C 30.210248756531833 38.00448538835119 30.07661024039278 62.13174786275002 30.07661024039278 62.13174786275002 C 30.07661024039278 62.13174786275002 -7.373354758135496 60.6492530112186 -7.373354758135496 60.6492530112186 C -7.373354758135496 60.6492530112186 -7.373354758135497 39.350746988781424 -7.373354758135497 39.350746988781424 Z" />
  <path stroke="black" fill="transparent" d="M 30.210248756531833 38.00448538835119 C 30.210248756531833 38.00448538835119 69.78975124346813 38.00448538835117 69.78975124346813 38.00448538835117 C 69.78975124346813 38.00448538835117 69.9233897596072 62.131747862750004 69.9233897596072 62.131747862750004 C 69.9233897596072 62.131747862750004 30.07661024039278 62.13174786275002 30.07661024039278 62.13174786275002 C 30.07661024039278 62.13174786275002 30.210248756531833 38.00448538835119 30.210248756531833 38.00448538835119 Z" />
  <path stroke="black" fill="transparent" d="M 69.78975124346813 38.00448538835117 C 69.78975124346813 38.00448538835117 107.37335475813549 39.350746988781424 107.37335475813549 39.350746988781424 C 107.37335475813549 39.350746988781424 107.37335475813549 60.6492530112186 107.37335475813549 60.6492530112186 C 107.37335475813549 60.6492530112186 69.9233897596072 62.131747862750004 69.9233897596072 62.131747862750004 C 69.9233897596072 62.131747862750004 69.78975124346813 38.00448538835117 69.78975124346813 38.00448538835117 Z" />
  <path stroke="black" fill="transparent" d="M -7.373354758135496 60.6492530112186 C -7.373354758135496 60.6492530112186 30.07661024039278 62.13174786275002 30.07661024039278 62.13174786275002 C 30.07661024039278 62.13174786275002 30.330196938787726 86.19029524519904 30.330196938787726 86.19029524519904 C 30.330196938787726 86.19029524519904 -6.211679114533504 81.87904394170602 -6.211679114533504 81.87904394170602 C -6.211679114533504 81.87904394170602 -7.373354758135496 60.6492530112186 -7.373354758135496 60.6492530112186 Z" />
  <path stroke="black" fill="transparent" d="M 30.07661024039278 62.13174786275002 C 30.07661024039278 62.13174786275002 69.9233897596072 62.131747862750004 69.9233897596072 62.131747862750004 C 69.9233897596072 62.131747862750004 69.66980306121226 86.190295245199 69.66980306121226 86.190295245199 C 69.66980306121226 86.190295245199 30.330196938787726 86.19029524519904 30.330196938787726 86.19029524519904 C 30.330196938787726 86.19029524519904 30.07661024039278 62.13174786275002 30.07661024039278 62.13174786275002 Z" />
  <path stroke="black" fill="transparent" d="M 69.9233897596072 62.131747862750004 C 69.9233897596072 62.131747862750004 107.37335475813549 60.6492530112186 107.37335475813549 60.6492530112186 C 107.37335475813549 60.6492530112186 106.21167911453347 81.87904394170602 106.21167911453347 81.87904394170602 C 106.21167911453347 81.87904394170602 69.66980306121226 86.190295245199 69.66980306121226 86.190295245199 C 69.66980306121226 86.190295245199 69.9233897596072 62.131747862750004 69.9233897596072 62.131747862750004 Z" />
  <path stroke="black" fill="transparent" d="M -6.211679114533504 81.87904394170602 C -6.211679114533504 81.87904394170602 30.330196938787726 86.19029524519904 30.330196938787726 86.19029524519904 C 30.330196938787726 86.19029524519904 32.26711812749319 107.14000775545462 32.26711812749319 107.14000775545462 C 32.26711812749319 107.14000775545462 0 100 0 100 C 0 100 -6.211679114533504 81.87904394170602 -6.211679114533504 81.87904394170602 Z" />
  <path stroke="black" fill="transparent" d="M 30.330196938787726 86.19029524519904 C 30.330196938787726 86.19029524519904 69.66980306121226 86.190295245199 69.66980306121226 86.190295245199 C 69.66980306121226 86.190295245199 67.73288187250682 107.14000775545463 67.73288187250682 107.14000775545463 C 67.73288187250682 107.14000775545463 32.26711812749319 107.14000775545462 32.26711812749319 107.14000775545462 C 32.26711812749319 107.14000775545462 30.330196938787726 86.19029524519904 30.330196938787726 86.19029524519904 Z" />
  <path stroke="black" fill="transparent" d="M 69.66980306121226 86.190295245199 C 69.66980306121226 86.190295245199 106.21167911453347 81.87904394170602 106.21167911453347 81.87904394170602 C 106.21167911453347 81.87904394170602 100 100 100 100 C 100 100 67.73288187250682 107.14000775545463 67.73288187250682 107.14000775545463 C 67.73288187250682 107.14000775545463 69.66980306121226 86.190295245199 69.66980306121226 86.190295245199 Z" />
</svg>"
`;
